Traceback (most recent call last):
  File "H:\HadiSadoghiYazdi\Circuit\Lib\site-packages\jupyter_cache\executors\utils.py", line 58, in single_nb_execution
    executenb(
    ~~~~~~~~~^
        nb,
        ^^^
    ...<4 lines>...
        **kwargs,
        ^^^^^^^^^
    )
    ^
  File "H:\HadiSadoghiYazdi\Circuit\Lib\site-packages\nbclient\client.py", line 1314, in execute
    return NotebookClient(nb=nb, resources=resources, km=km, **kwargs).execute()
           ~~~~~~~~~~~~~~~~~~~~~~~~~~~~~~~~~~~~~~~~~~~~~~~~~~~~~~~~~~~~~~~~~~~^^
  File "H:\HadiSadoghiYazdi\Circuit\Lib\site-packages\jupyter_core\utils\__init__.py", line 165, in wrapped
    return loop.run_until_complete(inner)
           ~~~~~~~~~~~~~~~~~~~~~~~^^^^^^^
  File "C:\Program Files\Python313\Lib\asyncio\base_events.py", line 721, in run_until_complete
    return future.result()
           ~~~~~~~~~~~~~^^
  File "H:\HadiSadoghiYazdi\Circuit\Lib\site-packages\nbclient\client.py", line 709, in async_execute
    await self.async_execute_cell(
        cell, index, execution_count=self.code_cells_executed + 1
    )
  File "H:\HadiSadoghiYazdi\Circuit\Lib\site-packages\nbclient\client.py", line 1062, in async_execute_cell
    await self._check_raise_for_error(cell, cell_index, exec_reply)
  File "H:\HadiSadoghiYazdi\Circuit\Lib\site-packages\nbclient\client.py", line 918, in _check_raise_for_error
    raise CellExecutionError.from_cell_and_msg(cell, exec_reply_content)
nbclient.exceptions.CellExecutionError: An error occurred while executing the following cell:
------------------
from sklearn.feature_extraction.text import TfidfVectorizer

# Sample documents
documents = [
    "If you love God, follow God so that",
    "He may also love you and forgive your sins, ",
    "for He is Forgiving and Merciful.",
    "God has given Him another creation, meaning we have given Him a soul,",
    "and 'I have breathed into him of My spirit.'",
    "Those who have faith have a greater love for God.",
    "I have hastened towards You, my Lord, to seek Your pleasure.",
    "Although interpretation in words is clearer,",
     "love without words is brighter."
    ]

# Create the TfidfVectorizer object
vectorizer = TfidfVectorizer()

# Fit and transform the documents to get the TF-IDF matrix
tfidf_matrix = vectorizer.fit_transform(documents)

# Get the feature names (terms)
feature_names = vectorizer.get_feature_names_out()

# Convert the TF-IDF matrix to a dense format and print it
tfidf_dense = tfidf_matrix.todense()
print("TF-IDF Matrix:\n", tfidf_dense)

# Print the feature names
print("\nFeature Names:\n", feature_names)
------------------


[1;31m---------------------------------------------------------------------------[0m
[1;31mModuleNotFoundError[0m                       Traceback (most recent call last)
Cell [1;32mIn[1], line 1[0m
[1;32m----> 1[0m [38;5;28;01mfrom[39;00m [38;5;21;01msklearn[39;00m[38;5;21;01m.[39;00m[38;5;21;01mfeature_extraction[39;00m[38;5;21;01m.[39;00m[38;5;21;01mtext[39;00m [38;5;28;01mimport[39;00m TfidfVectorizer
[0;32m      3[0m [38;5;66;03m# Sample documents[39;00m
[0;32m      4[0m documents [38;5;241m=[39m [
[0;32m      5[0m     [38;5;124m"[39m[38;5;124mIf you love God, follow God so that[39m[38;5;124m"[39m,
[0;32m      6[0m     [38;5;124m"[39m[38;5;124mHe may also love you and forgive your sins, [39m[38;5;124m"[39m,
[1;32m   (...)[0m
[0;32m     13[0m      [38;5;124m"[39m[38;5;124mlove without words is brighter.[39m[38;5;124m"[39m
[0;32m     14[0m     ]

[1;31mModuleNotFoundError[0m: No module named 'sklearn'

